// Jest Snapshot v1, https://goo.gl/fbAQLP

exports[`Render StyledOnBoarding component 1`] = `
<div
  className="sc-bdVaJa iqYwhV"
/>
`;
