// Jest Snapshot v1, https://goo.gl/fbAQLP

exports[`Render StyledPage component 1`] = `
<div
  className="sc-bdVaJa dqgRVt"
/>
`;
